DC2-SPINE1# show version

Cisco Nexus Operating System (NX-OS) Software
TAC support: http://www.cisco.com/tac
Documents: http://www.cisco.com/en/US/products/ps9372/tsd_products_support_series_home.html
Copyright (c) 2002-2024, Cisco Systems, Inc. All rights reserved.
The copyrights to certain works contained herein are owned by
other third parties and are used and distributed under license.
Some parts of this software are covered under the GNU Public
License. A copy of the license is available at
http://www.gnu.org/licenses/gpl.html.

Nexus 9000v is a demo version of the Nexus Operating System

Software
  BIOS: version 
  NXOS: version 10.3(5) [Maintenance Release]
  BIOS compile time:  
  NXOS image file is: bootflash:///nxos64-cs.10.3.5.M.bin
  NXOS compile time:  4/30/2024 12:00:00 [05/08/2024 09:39:13]

Hardware
  cisco Nexus9000 C9300v Chassis 
   with 8135700 kB of memory.
  Processor Board ID 9TBC00WW9EK
  Device name: DC2-SPINE1
  bootflash:    4495360 kB

Kernel uptime is 0 day(s), 2 hour(s), 56 minute(s), 34 second(s)

Last reset 
  Reason: Unknown
  System version: 
  Service: 

plugin
  Core Plugin, Ethernet Plugin

Active Package(s):
        

DC2-SPINE1# show running-config


!Command: show running-config
!No configuration change since last restart
!Time: Fri Dec 27 03:28:18 2024

version 10.3(5) Bios:version  
hostname DC2-SPINE1
vdc DC2-SPINE1 id 1
  limit-resource vlan minimum 16 maximum 4094
  limit-resource vrf minimum 2 maximum 4096
  limit-resource port-channel minimum 0 maximum 511
  limit-resource m4route-mem minimum 58 maximum 58
  limit-resource m6route-mem minimum 8 maximum 8

nv overlay evpn
feature ospf
feature bgp
feature pim
feature fabric forwarding
feature interface-vlan
feature vn-segment-vlan-based
feature dhcp
feature nv overlay

no password strength-check
username admin password 5 $5$AILCAF$mz8WJ2Gl/qxwmJVlsLkihw01TF6JBvVj3Ko/wLk6DN4  role network-admin
ip domain-lookup
copp profile strict
snmp-server user admin network-admin auth md5 205FE4FBBBDF96A2C1B03CDC3C426208F55E priv aes-128 0041FBE9B2DBD2C289D230C4690F6013B858 localizedV2key
rmon event 1 log trap public description FATAL(1) owner PMON@FATAL
rmon event 2 log trap public description CRITICAL(2) owner PMON@CRITICAL
rmon event 3 log trap public description ERROR(3) owner PMON@ERROR
rmon event 4 log trap public description WARNING(4) owner PMON@WARNING
rmon event 5 log trap public description INFORMATION(5) owner PMON@INFO

ip pim rp-address 10.0.0.99 group-list 224.0.0.0/4
ip pim ssm range 232.0.0.0/8
ip pim anycast-rp 10.0.0.99 10.0.0.7
ip pim anycast-rp 10.0.0.99 10.0.0.8
vlan 1

service dhcp
ip dhcp relay
ipv6 dhcp relay
vrf context management


interface Vlan1

interface Ethernet1/1
  no switchport
  mtu 9216
  medium p2p
  ip unnumbered loopback0
  ip ospf network point-to-point
  ip router ospf UNDERLAY area 0.0.0.0
  ip pim sparse-mode
  no shutdown

interface Ethernet1/2
  no switchport
  mtu 9216
  medium p2p
  ip unnumbered loopback0
  ip ospf network point-to-point
  ip router ospf UNDERLAY area 0.0.0.0
  ip pim sparse-mode
  no shutdown

interface Ethernet1/3
  no switchport
  mtu 9216
  medium p2p
  ip address 10.2.2.2/30
  ip ospf network point-to-point
  ip router ospf UNDERLAY area 0.0.0.0
  ip pim sparse-mode
  no shutdown

interface Ethernet1/4
  no switchport
  mtu 9216
  medium p2p
  ip address 10.2.2.10/30
  ip ospf network point-to-point
  ip router ospf UNDERLAY area 0.0.0.0
  ip pim sparse-mode
  no shutdown

interface Ethernet1/5

interface Ethernet1/6

interface Ethernet1/7

interface Ethernet1/8

interface Ethernet1/9

interface Ethernet1/10

interface Ethernet1/11

interface Ethernet1/12

interface Ethernet1/13

interface Ethernet1/14

interface Ethernet1/15

interface Ethernet1/16

interface Ethernet1/17

interface Ethernet1/18

interface Ethernet1/19

interface Ethernet1/20

interface Ethernet1/21

interface Ethernet1/22

interface Ethernet1/23

interface Ethernet1/24

interface Ethernet1/25

interface Ethernet1/26

interface Ethernet1/27

interface Ethernet1/28

interface Ethernet1/29

interface Ethernet1/30

interface Ethernet1/31

interface Ethernet1/32

interface Ethernet1/33

interface Ethernet1/34

interface Ethernet1/35

interface Ethernet1/36

interface Ethernet1/37

interface Ethernet1/38

interface Ethernet1/39

interface Ethernet1/40

interface Ethernet1/41

interface Ethernet1/42

interface Ethernet1/43

interface Ethernet1/44

interface Ethernet1/45

interface Ethernet1/46

interface Ethernet1/47

interface Ethernet1/48

interface Ethernet1/49

interface Ethernet1/50

interface Ethernet1/51

interface Ethernet1/52

interface Ethernet1/53

interface Ethernet1/54

interface Ethernet1/55

interface Ethernet1/56

interface Ethernet1/57

interface Ethernet1/58

interface Ethernet1/59

interface Ethernet1/60

interface Ethernet1/61

interface Ethernet1/62

interface Ethernet1/63

interface Ethernet1/64

interface mgmt0
  vrf member management

interface loopback0
  ip address 10.0.0.7/32
  ip router ospf UNDERLAY area 0.0.0.0
  ip pim sparse-mode

interface loopback1
  ip address 10.0.0.99/32
  ip pim sparse-mode
icam monitor scale

line console
line vty
boot nxos bootflash:/nxos64-cs.10.3.5.M.bin 
router ospf UNDERLAY
  log-adjacency-changes
router bgp 200
  address-family ipv4 unicast
  address-family l2vpn evpn
  template peer CORE
    remote-as 200
    update-source loopback0
    address-family ipv4 unicast
      send-community
      send-community extended
      route-reflector-client
    address-family l2vpn evpn
      send-community
      send-community extended
      route-reflector-client
  template peer LEAF
    remote-as 200
    update-source loopback0
    address-family ipv4 unicast
      send-community
      send-community extended
      route-reflector-client
    address-family l2vpn evpn
      send-community
      send-community extended
      route-reflector-client
  neighbor 10.0.0.3
    inherit peer CORE
  neighbor 10.0.0.4
    inherit peer CORE
  neighbor 10.0.0.11
    inherit peer LEAF
  neighbor 10.0.0.12
    inherit peer LEAF

no logging console



DC2-SPINE1# show cdp neighbors

Capability Codes: R - Router, T - Trans-Bridge, B - Source-Route-Bridge
                  S - Switch, H - Host, I - IGMP, r - Repeater,
                  V - VoIP-Phone, D - Remotely-Managed-Device,
                  s - Supports-STP-Dispute

Device-ID          Local Intrfce  Hldtme Capability  Platform      Port ID
DC2-LEAF1(9RJE64BJXJZ)
                    Eth1/1         128    R S s     N9K-C9300v       Eth1/1        
DC2-LEAF2(9IFO3877H7W)
                    Eth1/2         120    R S s     N9K-C9300v       Eth1/1        
DC2-CORE1(9MNQKR8XPET)
                    Eth1/3         122    R S s     N9K-C9300v       Eth1/3        
DC2-CORE2(99MLT335FMS)
                    Eth1/4         173    R S s     N9K-C9300v       Eth1/3        

Total entries displayed: 4

DC2-SPINE1# show vrf all detail

VRF-Name: default, VRF-ID: 1, State: Up
    VPNID: unknown
    RD: 0:0
    VNI: 0
    Max Routes: 0  Mid-Threshold: 0
    Table-ID: 0x80000001, AF: IPv6, Fwd-ID: 0x80000001, State: Up
    Table-ID: 0x00000001, AF: IPv4, Fwd-ID: 0x00000001, State: Up

VRF-Name: egress-loadbalance-resolution-, VRF-ID: 3, State: Up
    Description: 
        Internal VRF for VXLAN-EVPN Egress Load Balancing computed paths
    VPNID: unknown
    RD: 0:0
    VNI: 0
    Max Routes: 0  Mid-Threshold: 0
    Table-ID: 0x80000ff9, AF: IPv6, Fwd-ID: 0x80000ff9, State: Up
    Table-ID: 0x00000ff9, AF: IPv4, Fwd-ID: 0x00000ff9, State: Up

VRF-Name: management, VRF-ID: 2, State: Up
    VPNID: unknown
    RD: 0:0
    VNI: 0
    Max Routes: 0  Mid-Threshold: 0
    Table-ID: 0x80000002, AF: IPv6, Fwd-ID: 0x80000002, State: Up
    Table-ID: 0x00000002, AF: IPv4, Fwd-ID: 0x00000002, State: Up


DC2-SPINE1# show interface status


--------------------------------------------------------------------------------
Port          Name               Status    Vlan      Duplex  Speed   Type
--------------------------------------------------------------------------------
mgmt0         --                 connected routed    full    1000    --         

--------------------------------------------------------------------------------
Port          Name               Status    Vlan      Duplex  Speed   Type
--------------------------------------------------------------------------------
Eth1/1        --                 connected routed    full    1000    10g        
Eth1/2        --                 connected routed    full    1000    10g        
Eth1/3        --                 connected routed    full    1000    10g        
Eth1/4        --                 connected routed    full    1000    10g        
Eth1/5        --                 connected 1         full    1000    10g        
Eth1/6        --                 connected 1         full    1000    10g        
Eth1/7        --                 connected 1         full    1000    10g        
Eth1/8        --                 notconnec 1         auto    auto    10g        
Eth1/9        --                 notconnec 1         auto    auto    10g        
Eth1/10       --                 notconnec 1         auto    auto    10g        
Eth1/11       --                 notconnec 1         auto    auto    10g        
Eth1/12       --                 notconnec 1         auto    auto    10g        
Eth1/13       --                 notconnec 1         auto    auto    10g        
Eth1/14       --                 notconnec 1         auto    auto    10g        
Eth1/15       --                 notconnec 1         auto    auto    10g        
Eth1/16       --                 notconnec 1         auto    auto    10g        
Eth1/17       --                 notconnec 1         auto    auto    10g        
Eth1/18       --                 notconnec 1         auto    auto    10g        
Eth1/19       --                 notconnec 1         auto    auto    10g        
Eth1/20       --                 notconnec 1         auto    auto    10g        
Eth1/21       --                 notconnec 1         auto    auto    10g        
Eth1/22       --                 notconnec 1         auto    auto    10g        
Eth1/23       --                 notconnec 1         auto    auto    10g        
Eth1/24       --                 notconnec 1         auto    auto    10g        
Eth1/25       --                 notconnec 1         auto    auto    10g        
Eth1/26       --                 notconnec 1         auto    auto    10g        
Eth1/27       --                 notconnec 1         auto    auto    10g        
Eth1/28       --                 notconnec 1         auto    auto    10g        
Eth1/29       --                 notconnec 1         auto    auto    10g        
Eth1/30       --                 notconnec 1         auto    auto    10g        
Eth1/31       --                 notconnec 1         auto    auto    10g        
Eth1/32       --                 notconnec 1         auto    auto    10g        
Eth1/33       --                 notconnec 1         auto    auto    10g        
Eth1/34       --                 notconnec 1         auto    auto    10g        
Eth1/35       --                 notconnec 1         auto    auto    10g        
Eth1/36       --                 notconnec 1         auto    auto    10g        
Eth1/37       --                 notconnec 1         auto    auto    10g        
Eth1/38       --                 notconnec 1         auto    auto    10g        
Eth1/39       --                 notconnec 1         auto    auto    10g        
Eth1/40       --                 notconnec 1         auto    auto    10g        
Eth1/41       --                 notconnec 1         auto    auto    10g        
Eth1/42       --                 notconnec 1         auto    auto    10g        
Eth1/43       --                 notconnec 1         auto    auto    10g        
Eth1/44       --                 notconnec 1         auto    auto    10g        
Eth1/45       --                 notconnec 1         auto    auto    10g        
Eth1/46       --                 notconnec 1         auto    auto    10g        
Eth1/47       --                 notconnec 1         auto    auto    10g        
Eth1/48       --                 notconnec 1         auto    auto    10g        
Eth1/49       --                 notconnec 1         auto    auto    10g        
Eth1/50       --                 notconnec 1         auto    auto    10g        
Eth1/51       --                 notconnec 1         auto    auto    10g        
Eth1/52       --                 notconnec 1         auto    auto    10g        
Eth1/53       --                 notconnec 1         auto    auto    10g        
Eth1/54       --                 notconnec 1         auto    auto    10g        
Eth1/55       --                 notconnec 1         auto    auto    10g        
Eth1/56       --                 notconnec 1         auto    auto    10g        
Eth1/57       --                 notconnec 1         auto    auto    10g        
Eth1/58       --                 notconnec 1         auto    auto    10g        
Eth1/59       --                 notconnec 1         auto    auto    10g        
Eth1/60       --                 notconnec 1         auto    auto    10g        
Eth1/61       --                 notconnec 1         auto    auto    10g        
Eth1/62       --                 notconnec 1         auto    auto    10g        
Eth1/63       --                 notconnec 1         auto    auto    10g        
Eth1/64       --                 notconnec 1         auto    auto    10g        

--------------------------------------------------------------------------------
Port          Name               Status    Vlan      Duplex  Speed   Type
--------------------------------------------------------------------------------
Lo0           --                 connected routed    auto    auto    --         
Lo1           --                 connected routed    auto    auto    --         

--------------------------------------------------------------------------------
Port          Name               Status    Vlan      Duplex  Speed   Type
--------------------------------------------------------------------------------
Vlan1         --                 down      routed    auto    auto    --

DC2-SPINE1# show ip interface brief vrf all


IP Interface Status for VRF "default"(1)
Interface            IP Address      Interface Status
Lo0                  10.0.0.7        protocol-up/link-up/admin-up       
Lo1                  10.0.0.99       protocol-up/link-up/admin-up       
Eth1/1               unnumbered      protocol-up/link-up/admin-up       
                     (loopback0)
Eth1/2               unnumbered      protocol-up/link-up/admin-up       
                     (loopback0)
Eth1/3               10.2.2.2        protocol-up/link-up/admin-up       
Eth1/4               10.2.2.10       protocol-up/link-up/admin-up       

IP Interface Status for VRF "management"(2)
Interface            IP Address      Interface Status

IP Interface Status for VRF "egress-loadbalance-resolution-"(3)
Interface            IP Address      Interface Status

DC2-SPINE1# show ip ospf neighbors

 OSPF Process ID UNDERLAY VRF default
 Total number of neighbors: 4
 Neighbor ID     Pri State            Up Time  Address         Interface
 10.0.0.11         1 FULL/ -          02:47:39 10.0.0.11       Eth1/1 
 10.0.0.12         1 FULL/ -          02:46:09 10.0.0.12       Eth1/2 
 10.0.0.3          1 FULL/ -          01:37:58 10.2.2.1        Eth1/3 
 10.0.0.4          1 FULL/ -          01:33:07 10.2.2.9        Eth1/4 

DC2-SPINE1# show ip pim rp

PIM RP Status Information for VRF "default"
BSR disabled
Auto-RP disabled
BSR RP Candidate policy: None
BSR RP policy: None
Auto-RP Announce policy: None
Auto-RP Discovery policy: None

Anycast-RP 10.0.0.99 members:
  10.0.0.7*  10.0.0.8  

RP: 10.0.0.99*, (0), 
 uptime: 02:51:16   priority: 255, 
 RP-source: (local),  
 group ranges:
 224.0.0.0/4   

DC2-SPINE1# show ip pim neighbor

PIM Neighbor Status for VRF "default"
Neighbor        Interface            Uptime    Expires   DR       Bidir-  BFD    ECMP Redirect
                                                         Priority Capable State     Capable
10.0.0.11       Ethernet1/1          02:47:45  00:01:28  1        yes     n/a     no
10.0.0.12       Ethernet1/2          02:46:13  00:01:42  1        yes     n/a     no
10.2.2.1        Ethernet1/3          01:38:09  00:01:19  1        yes     n/a     no
10.2.2.9        Ethernet1/4          01:33:17  00:01:22  1        yes     n/a     no

DC2-SPINE1# show ip mroute

IP Multicast Routing Table for VRF "default"

(*, 232.0.0.0/8), uptime: 02:51:18, pim ip 
  Incoming interface: Null, RPF nbr: 0.0.0.0
  Outgoing interface list: (count: 0)



DC2-SPINE1# show interface nve1

                              ^
Invalid range at '^' marker.

DC2-SPINE1# show bgp vrf all ipv4 unicast summary

BGP summary information for VRF default, address family IPv4 Unicast
BGP router identifier 10.0.0.7, local AS number 200
BGP table version is 161, IPv4 Unicast config peers 4, capable peers 4
18 network entries and 28 paths using 6216 bytes of memory
BGP attribute entries [3/1080], BGP AS path entries [1/6]
BGP community entries [0/0], BGP clusterlist entries [0/0]

Neighbor        V    AS    MsgRcvd    MsgSent   TblVer  InQ OutQ Up/Down  State/PfxRcd
10.0.0.3        4   200        201        172      161    0    0 01:37:44 14        
10.0.0.4        4   200        199        165      161    0    0 01:32:38 14        
10.0.0.11       4   200        196        182      161    0    0 02:47:23 0         
10.0.0.12       4   200        182        181      161    0    0 02:45:17 0         

DC2-SPINE1# show bgp vrf all ipv4 unicast

BGP routing table information for VRF default, address family IPv4 Unicast
BGP table version is 161, Local Router ID is 10.0.0.7
Status: s-suppressed, x-deleted, S-stale, d-dampened, h-history, *-valid, >-best
Path type: i-internal, e-external, c-confed, l-local, a-aggregate, r-redist, I-injected
Origin codes: i - IGP, e - EGP, ? - incomplete, | - multipath, & - backup, 2 - best2

   Network            Next Hop            Metric     LocPrf     Weight Path
* i10.0.0.1/32        10.0.0.2                          100          0 100 ?
*>i                   10.100.100.1             0        100          0 100 ?
*>i10.0.0.2/32        10.100.100.1                      100          0 100 ?
* i                   10.100.100.5             0        100          0 100 ?
*>i10.0.0.3/32        10.0.0.3                 0        100          0 ?
*>i10.0.0.4/32        10.0.0.4                 0        100          0 ?
* i10.1.1.0/30        10.0.0.2                          100          0 100 ?
*>i                   10.100.100.1             0        100          0 100 ?
* i10.1.1.4/30        10.0.0.2                          100          0 100 ?
*>i                   10.100.100.1             0        100          0 100 ?
*>i10.1.1.8/30        10.100.100.1                      100          0 100 ?
* i                   10.100.100.5             0        100          0 100 ?
*>i10.1.1.12/30       10.100.100.1                      100          0 100 ?
* i                   10.100.100.5             0        100          0 100 ?
*>i10.2.2.0/30        10.0.0.3                 0        100          0 ?
*>i10.2.2.4/30        10.0.0.3                 0        100          0 ?
*>i10.2.2.8/30        10.0.0.4                 0        100          0 ?
*>i10.2.2.12/30       10.0.0.4                 0        100          0 ?
*>i10.99.99.0/30      10.100.100.1             0        100          0 100 ?
* i                   10.100.100.5             0        100          0 100 ?
* i10.99.99.4/30      10.0.0.4                 0        100          0 ?
*>i                   10.0.0.3                 0        100          0 ?
*>i10.100.100.0/30    10.0.0.3                 0        100          0 ?
*>i10.100.100.4/30    10.0.0.4                 0        100          0 ?
*>i10.111.111.1/32    10.100.100.1             0        100          0 100 ?
* i                   10.100.100.5             0        100          0 100 ?
* i10.222.222.1/32    10.0.0.4                 0        100          0 ?
*>i                   10.0.0.3                 0        100          0 ?


DC2-SPINE1# show bgp vrf all ipv4 unicast detail

BGP routing table information for VRF default, address family IPv4 Unicast
BGP routing table entry for 10.0.0.1/32, version 159
Paths: (2 available, best #2)
Flags: (0x8000001a) (high32 00000000) on xmit-list, is in urib, is best urib route, is in HW

  Path type: internal, path is valid, not best reason: Router Id, no labeled nexthop
  AS-Path: 100 , path sourced external to AS
    10.0.0.2 (metric 41) from 10.0.0.4 (10.0.0.4)
      Origin incomplete, MED not set, localpref 100, weight 0

  Advertised path-id 1
  Path type: internal, path is valid, is best path, no labeled nexthop, in rib
  AS-Path: 100 , path sourced external to AS
    10.100.100.1 (metric 41) from 10.0.0.3 (10.0.0.3)
      Origin incomplete, MED 0, localpref 100, weight 0

  Path-id 1 advertised to peers:
    10.0.0.4           10.0.0.11          10.0.0.12      
BGP routing table entry for 10.0.0.2/32, version 156
Paths: (2 available, best #1)
Flags: (0x00001a) (high32 00000000) on xmit-list, is in urib, is best urib route, is in HW

  Advertised path-id 1
  Path type: internal, path is valid, is best path, no labeled nexthop, in rib
  AS-Path: 100 , path sourced external to AS
    10.100.100.1 (metric 41) from 10.0.0.3 (10.0.0.3)
      Origin incomplete, MED not set, localpref 100, weight 0

  Path type: internal, path is valid, not best reason: Router Id, no labeled nexthop
  AS-Path: 100 , path sourced external to AS
    10.100.100.5 (metric 41) from 10.0.0.4 (10.0.0.4)
      Origin incomplete, MED 0, localpref 100, weight 0

  Path-id 1 advertised to peers:
    10.0.0.4           10.0.0.11          10.0.0.12      
BGP routing table entry for 10.0.0.3/32, version 133
Paths: (1 available, best #1)
Flags: (0x80000012) (high32 00000000) on xmit-list, is in urib, is backup urib route, is in HW

  Advertised path-id 1
  Path type: internal, path is valid, is best path, no labeled nexthop, in rib
  AS-Path: NONE, path sourced internal to AS
    10.0.0.3 (metric 41) from 10.0.0.3 (10.0.0.3)
      Origin incomplete, MED 0, localpref 100, weight 0

  Path-id 1 advertised to peers:
    10.0.0.4           10.0.0.11          10.0.0.12      
BGP routing table entry for 10.0.0.4/32, version 142
Paths: (1 available, best #1)
Flags: (0x80000012) (high32 00000000) on xmit-list, is in urib, is backup urib route, is in HW

  Advertised path-id 1
  Path type: internal, path is valid, is best path, no labeled nexthop, in rib
  AS-Path: NONE, path sourced internal to AS
    10.0.0.4 (metric 41) from 10.0.0.4 (10.0.0.4)
      Origin incomplete, MED 0, localpref 100, weight 0

  Path-id 1 advertised to peers:
    10.0.0.3           10.0.0.11          10.0.0.12      
BGP routing table entry for 10.1.1.0/30, version 160
Paths: (2 available, best #2)
Flags: (0x8000001a) (high32 00000000) on xmit-list, is in urib, is best urib route, is in HW

  Path type: internal, path is valid, not best reason: Router Id, no labeled nexthop
  AS-Path: 100 , path sourced external to AS
    10.0.0.2 (metric 41) from 10.0.0.4 (10.0.0.4)
      Origin incomplete, MED not set, localpref 100, weight 0

  Advertised path-id 1
  Path type: internal, path is valid, is best path, no labeled nexthop, in rib
  AS-Path: 100 , path sourced external to AS
    10.100.100.1 (metric 41) from 10.0.0.3 (10.0.0.3)
      Origin incomplete, MED 0, localpref 100, weight 0

  Path-id 1 advertised to peers:
    10.0.0.4           10.0.0.11          10.0.0.12      
BGP routing table entry for 10.1.1.4/30, version 161
Paths: (2 available, best #2)
Flags: (0x8000001a) (high32 00000000) on xmit-list, is in urib, is best urib route, is in HW

  Path type: internal, path is valid, not best reason: Router Id, no labeled nexthop
  AS-Path: 100 , path sourced external to AS
    10.0.0.2 (metric 41) from 10.0.0.4 (10.0.0.4)
      Origin incomplete, MED not set, localpref 100, weight 0

  Advertised path-id 1
  Path type: internal, path is valid, is best path, no labeled nexthop, in rib
  AS-Path: 100 , path sourced external to AS
    10.100.100.1 (metric 41) from 10.0.0.3 (10.0.0.3)
      Origin incomplete, MED 0, localpref 100, weight 0

  Path-id 1 advertised to peers:
    10.0.0.4           10.0.0.11          10.0.0.12      
BGP routing table entry for 10.1.1.8/30, version 157
Paths: (2 available, best #1)
Flags: (0x00001a) (high32 00000000) on xmit-list, is in urib, is best urib route, is in HW

  Advertised path-id 1
  Path type: internal, path is valid, is best path, no labeled nexthop, in rib
  AS-Path: 100 , path sourced external to AS
    10.100.100.1 (metric 41) from 10.0.0.3 (10.0.0.3)
      Origin incomplete, MED not set, localpref 100, weight 0

  Path type: internal, path is valid, not best reason: Router Id, no labeled nexthop
  AS-Path: 100 , path sourced external to AS
    10.100.100.5 (metric 41) from 10.0.0.4 (10.0.0.4)
      Origin incomplete, MED 0, localpref 100, weight 0

  Path-id 1 advertised to peers:
    10.0.0.4           10.0.0.11          10.0.0.12      
BGP routing table entry for 10.1.1.12/30, version 158
Paths: (2 available, best #1)
Flags: (0x00001a) (high32 00000000) on xmit-list, is in urib, is best urib route, is in HW

  Advertised path-id 1
  Path type: internal, path is valid, is best path, no labeled nexthop, in rib
  AS-Path: 100 , path sourced external to AS
    10.100.100.1 (metric 41) from 10.0.0.3 (10.0.0.3)
      Origin incomplete, MED not set, localpref 100, weight 0

  Path type: internal, path is valid, not best reason: Router Id, no labeled nexthop
  AS-Path: 100 , path sourced external to AS
    10.100.100.5 (metric 41) from 10.0.0.4 (10.0.0.4)
      Origin incomplete, MED 0, localpref 100, weight 0

  Path-id 1 advertised to peers:
    10.0.0.4           10.0.0.11          10.0.0.12      
BGP routing table entry for 10.2.2.0/30, version 135
Paths: (1 available, best #1)
Flags: (0x80000012) (high32 00000000) on xmit-list, is in urib, is backup urib route, is in HW

  Advertised path-id 1
  Path type: internal, path is valid, is best path, no labeled nexthop, in rib
  AS-Path: NONE, path sourced internal to AS
    10.0.0.3 (metric 41) from 10.0.0.3 (10.0.0.3)
      Origin incomplete, MED 0, localpref 100, weight 0

  Path-id 1 advertised to peers:
    10.0.0.4           10.0.0.11          10.0.0.12      
BGP routing table entry for 10.2.2.4/30, version 136
Paths: (1 available, best #1)
Flags: (0x80000012) (high32 00000000) on xmit-list, is in urib, is backup urib route, is in HW

  Advertised path-id 1
  Path type: internal, path is valid, is best path, no labeled nexthop, in rib
  AS-Path: NONE, path sourced internal to AS
    10.0.0.3 (metric 41) from 10.0.0.3 (10.0.0.3)
      Origin incomplete, MED 0, localpref 100, weight 0

  Path-id 1 advertised to peers:
    10.0.0.4           10.0.0.11          10.0.0.12      
BGP routing table entry for 10.2.2.8/30, version 143
Paths: (1 available, best #1)
Flags: (0x80000012) (high32 00000000) on xmit-list, is in urib, is backup urib route, is in HW

  Advertised path-id 1
  Path type: internal, path is valid, is best path, no labeled nexthop, in rib
  AS-Path: NONE, path sourced internal to AS
    10.0.0.4 (metric 41) from 10.0.0.4 (10.0.0.4)
      Origin incomplete, MED 0, localpref 100, weight 0

  Path-id 1 advertised to peers:
    10.0.0.3           10.0.0.11          10.0.0.12      
BGP routing table entry for 10.2.2.12/30, version 144
Paths: (1 available, best #1)
Flags: (0x80000012) (high32 00000000) on xmit-list, is in urib, is backup urib route, is in HW

  Advertised path-id 1
  Path type: internal, path is valid, is best path, no labeled nexthop, in rib
  AS-Path: NONE, path sourced internal to AS
    10.0.0.4 (metric 41) from 10.0.0.4 (10.0.0.4)
      Origin incomplete, MED 0, localpref 100, weight 0

  Path-id 1 advertised to peers:
    10.0.0.3           10.0.0.11          10.0.0.12      
BGP routing table entry for 10.99.99.0/30, version 151
Paths: (2 available, best #1)
Flags: (0x00001a) (high32 00000000) on xmit-list, is in urib, is best urib route, is in HW

  Advertised path-id 1
  Path type: internal, path is valid, is best path, no labeled nexthop, in rib
  AS-Path: 100 , path sourced external to AS
    10.100.100.1 (metric 41) from 10.0.0.3 (10.0.0.3)
      Origin incomplete, MED 0, localpref 100, weight 0

  Path type: internal, path is valid, not best reason: Router Id, no labeled nexthop
  AS-Path: 100 , path sourced external to AS
    10.100.100.5 (metric 41) from 10.0.0.4 (10.0.0.4)
      Origin incomplete, MED 0, localpref 100, weight 0

  Path-id 1 advertised to peers:
    10.0.0.4           10.0.0.11          10.0.0.12      
BGP routing table entry for 10.99.99.4/30, version 140
Paths: (2 available, best #2)
Flags: (0x80000012) (high32 00000000) on xmit-list, is in urib, is backup urib route, is in HW

  Path type: internal, path is valid, not best reason: Router Id, no labeled nexthop
  AS-Path: NONE, path sourced internal to AS
    10.0.0.4 (metric 41) from 10.0.0.4 (10.0.0.4)
      Origin incomplete, MED 0, localpref 100, weight 0

  Advertised path-id 1
  Path type: internal, path is valid, is best path, no labeled nexthop, in rib
  AS-Path: NONE, path sourced internal to AS
    10.0.0.3 (metric 41) from 10.0.0.3 (10.0.0.3)
      Origin incomplete, MED 0, localpref 100, weight 0

  Path-id 1 advertised to peers:
    10.0.0.4           10.0.0.11          10.0.0.12      
BGP routing table entry for 10.100.100.0/30, version 138
Paths: (1 available, best #1)
Flags: (0x8000001a) (high32 00000000) on xmit-list, is in urib, is best urib route, is in HW

  Advertised path-id 1
  Path type: internal, path is valid, is best path, no labeled nexthop, in rib
  AS-Path: NONE, path sourced internal to AS
    10.0.0.3 (metric 41) from 10.0.0.3 (10.0.0.3)
      Origin incomplete, MED 0, localpref 100, weight 0

  Path-id 1 advertised to peers:
    10.0.0.4           10.0.0.11          10.0.0.12      
BGP routing table entry for 10.100.100.4/30, version 145
Paths: (1 available, best #1)
Flags: (0x8000001a) (high32 00000000) on xmit-list, is in urib, is best urib route, is in HW

  Advertised path-id 1
  Path type: internal, path is valid, is best path, no labeled nexthop, in rib
  AS-Path: NONE, path sourced internal to AS
    10.0.0.4 (metric 41) from 10.0.0.4 (10.0.0.4)
      Origin incomplete, MED 0, localpref 100, weight 0

  Path-id 1 advertised to peers:
    10.0.0.3           10.0.0.11          10.0.0.12      
BGP routing table entry for 10.111.111.1/32, version 152
Paths: (2 available, best #1)
Flags: (0x00001a) (high32 00000000) on xmit-list, is in urib, is best urib route, is in HW

  Advertised path-id 1
  Path type: internal, path is valid, is best path, no labeled nexthop, in rib
  AS-Path: 100 , path sourced external to AS
    10.100.100.1 (metric 41) from 10.0.0.3 (10.0.0.3)
      Origin incomplete, MED 0, localpref 100, weight 0

  Path type: internal, path is valid, not best reason: Router Id, no labeled nexthop
  AS-Path: 100 , path sourced external to AS
    10.100.100.5 (metric 41) from 10.0.0.4 (10.0.0.4)
      Origin incomplete, MED 0, localpref 100, weight 0

  Path-id 1 advertised to peers:
    10.0.0.4           10.0.0.11          10.0.0.12      
BGP routing table entry for 10.222.222.1/32, version 141
Paths: (2 available, best #2)
Flags: (0x80000012) (high32 00000000) on xmit-list, is in urib, is backup urib route, is in HW

  Path type: internal, path is valid, not best reason: Router Id, no labeled nexthop
  AS-Path: NONE, path sourced internal to AS
    10.0.0.4 (metric 41) from 10.0.0.4 (10.0.0.4)
      Origin incomplete, MED 0, localpref 100, weight 0

  Advertised path-id 1
  Path type: internal, path is valid, is best path, no labeled nexthop, in rib
  AS-Path: NONE, path sourced internal to AS
    10.0.0.3 (metric 41) from 10.0.0.3 (10.0.0.3)
      Origin incomplete, MED 0, localpref 100, weight 0

  Path-id 1 advertised to peers:
    10.0.0.4           10.0.0.11          10.0.0.12      


DC2-SPINE1# show bgp l2vpn evpn summary

BGP summary information for VRF default, address family L2VPN EVPN
BGP router identifier 10.0.0.7, local AS number 200
BGP table version is 226, L2VPN EVPN config peers 4, capable peers 4
26 network entries and 36 paths using 8552 bytes of memory
BGP attribute entries [21/7560], BGP AS path entries [1/6]
BGP community entries [0/0], BGP clusterlist entries [0/0]

Neighbor        V    AS    MsgRcvd    MsgSent   TblVer  InQ OutQ Up/Down  State/PfxRcd
10.0.0.3        4   200        201        173      226    0    0 01:37:51 13        
10.0.0.4        4   200        199        166      226    0    0 01:32:45 13        
10.0.0.11       4   200        197        183      226    0    0 02:47:30 6         
10.0.0.12       4   200        183        182      226    0    0 02:45:24 4         

Neighbor        T    AS PfxRcd     Type-2     Type-3     Type-4     Type-5    
10.0.0.3        I   200 13         12         0          1          0         
10.0.0.4        I   200 13         12         0          1          0         
10.0.0.11       I   200 6          4          0          0          2         
10.0.0.12       I   200 4          4          0          0          0         

DC2-SPINE1# show bgp vrf all l2vpn evpn

BGP routing table information for VRF default, address family L2VPN EVPN
BGP table version is 226, Local Router ID is 10.0.0.7
Status: s-suppressed, x-deleted, S-stale, d-dampened, h-history, *-valid, >-best
Path type: i-internal, e-external, c-confed, l-local, a-aggregate, r-redist, I-injected
Origin codes: i - IGP, e - EGP, ? - incomplete, | - multipath, & - backup, 2 - best2

   Network            Next Hop            Metric     LocPrf     Weight Path
Route Distinguisher: 200:2001000
*>i[2]:[0]:[0]:[48]:[0050.7966.680e]:[0]:[0.0.0.0]/216
                      10.222.222.1          2000        100          0 100 i
* i                   10.222.222.1          2000        100          0 100 i
*>i[2]:[0]:[0]:[48]:[5001.0000.1b08]:[0]:[0.0.0.0]/216
                      10.222.222.1                      100          0 100 i
* i                   10.222.222.1                      100          0 100 i
*>i[2]:[0]:[0]:[48]:[5002.0000.1b08]:[0]:[0.0.0.0]/216
                      10.222.222.1                      100          0 100 i
* i                   10.222.222.1                      100          0 100 i
*>i[2]:[0]:[0]:[48]:[0050.7966.680e]:[32]:[10.10.1.11]/272
                      10.222.222.1          2000        100          0 100 i
* i                   10.222.222.1          2000        100          0 100 i

Route Distinguisher: 200:2001001
*>i[2]:[0]:[0]:[48]:[0050.7966.6813]:[0]:[0.0.0.0]/216
                      10.222.222.1          2000        100          0 100 i
* i                   10.222.222.1          2000        100          0 100 i
*>i[2]:[0]:[0]:[48]:[0050.7966.6814]:[0]:[0.0.0.0]/216
                      10.222.222.1          2000        100          0 100 i
* i                   10.222.222.1          2000        100          0 100 i
*>i[2]:[0]:[0]:[48]:[5001.0000.1b08]:[0]:[0.0.0.0]/216
                      10.222.222.1                      100          0 100 i
* i                   10.222.222.1                      100          0 100 i
*>i[2]:[0]:[0]:[48]:[5002.0000.1b08]:[0]:[0.0.0.0]/216
                      10.222.222.1                      100          0 100 i
* i                   10.222.222.1                      100          0 100 i
*>i[2]:[0]:[0]:[48]:[0050.7966.6813]:[32]:[10.20.1.10]/272
                      10.222.222.1          2000        100          0 100 i
* i                   10.222.222.1          2000        100          0 100 i
*>i[2]:[0]:[0]:[48]:[0050.7966.6814]:[32]:[10.20.1.11]/272
                      10.222.222.1          2000        100          0 100 i
* i                   10.222.222.1          2000        100          0 100 i

Route Distinguisher: 10.0.0.3:27001
*>i[4]:[0300.0000.0000.c800.0309]:[32]:[10.0.0.3]/136
                      10.0.0.3                          100          0 i

Route Distinguisher: 10.0.0.3:33767
*>i[2]:[0]:[0]:[48]:[5003.0000.1b08]:[0]:[0.0.0.0]/216
                      10.0.0.3                          100          0 i

Route Distinguisher: 10.0.0.3:33768
*>i[2]:[0]:[0]:[48]:[5003.0000.1b08]:[0]:[0.0.0.0]/216
                      10.0.0.3                          100          0 i

Route Distinguisher: 10.0.0.4:27001
*>i[4]:[0300.0000.0000.c800.0309]:[32]:[10.0.0.4]/136
                      10.0.0.4                          100          0 i

Route Distinguisher: 10.0.0.4:33767
*>i[2]:[0]:[0]:[48]:[5004.0000.1b08]:[0]:[0.0.0.0]/216
                      10.0.0.4                          100          0 i

Route Distinguisher: 10.0.0.4:33768
*>i[2]:[0]:[0]:[48]:[5004.0000.1b08]:[0]:[0.0.0.0]/216
                      10.0.0.4                          100          0 i

Route Distinguisher: 10.0.0.11:5
*>i[5]:[0]:[0]:[24]:[10.10.1.0]/224
                      10.0.1.11                         100          0 i

Route Distinguisher: 10.0.0.11:6
*>i[5]:[0]:[0]:[24]:[10.20.1.0]/224
                      10.0.1.11                         100          0 i

Route Distinguisher: 10.0.0.11:33767
*>i[2]:[0]:[0]:[48]:[0050.7966.680f]:[0]:[0.0.0.0]/216
                      10.0.1.11                         100          0 i
*>i[2]:[0]:[0]:[48]:[0050.7966.680f]:[32]:[10.10.1.12]/272
                      10.0.1.11                         100          0 i

Route Distinguisher: 10.0.0.11:33768
*>i[2]:[0]:[0]:[48]:[0050.7966.6815]:[0]:[0.0.0.0]/216
                      10.0.1.11                         100          0 i
*>i[2]:[0]:[0]:[48]:[0050.7966.6815]:[32]:[10.20.1.12]/272
                      10.0.1.11                         100          0 i

Route Distinguisher: 10.0.0.12:33767
*>i[2]:[0]:[0]:[48]:[0050.7966.6810]:[0]:[0.0.0.0]/216
                      10.0.1.12                         100          0 i
*>i[2]:[0]:[0]:[48]:[0050.7966.6810]:[32]:[10.10.1.13]/272
                      10.0.1.12                         100          0 i

Route Distinguisher: 10.0.0.12:33768
*>i[2]:[0]:[0]:[48]:[0050.7966.6816]:[0]:[0.0.0.0]/216
                      10.0.1.12                         100          0 i
*>i[2]:[0]:[0]:[48]:[0050.7966.6816]:[32]:[10.20.1.13]/272
                      10.0.1.12                         100          0 i


DC2-SPINE1# show bgp vrf all l2vpn evpn detail

BGP routing table information for VRF default, address family L2VPN EVPN
Route Distinguisher: 200:2001000
BGP routing table entry for [2]:[0]:[0]:[48]:[0050.7966.680e]:[0]:[0.0.0.0]/216, version 213
Paths: (2 available, best #1)
Flags: (0x000202) (high32 00000000) on xmit-list, is not in l2rib/evpn, is not in HW

  Advertised path-id 1
  Path type: internal, path is valid, is best path, no labeled nexthop
  AS-Path: 100 , path sourced external to AS
    10.222.222.1 (metric 41) from 10.0.0.3 (10.0.0.3)
      Origin IGP, MED 2000, localpref 100, weight 0
      Received label 2001000
      Extcommunity: RT:200:2001000 ENCAP:8

  Path type: internal, path is valid, not best reason: Router Id, no labeled nexthop
  AS-Path: 100 , path sourced external to AS
    10.222.222.1 (metric 41) from 10.0.0.4 (10.0.0.4)
      Origin IGP, MED 2000, localpref 100, weight 0
      Received label 2001000
      Extcommunity: RT:200:2001000 ENCAP:8

  Path-id 1 advertised to peers:
    10.0.0.4           10.0.0.11          10.0.0.12      
BGP routing table entry for [2]:[0]:[0]:[48]:[5001.0000.1b08]:[0]:[0.0.0.0]/216, version 207
Paths: (2 available, best #1)
Flags: (0x000202) (high32 00000000) on xmit-list, is not in l2rib/evpn, is not in HW

  Advertised path-id 1
  Path type: internal, path is valid, is best path, no labeled nexthop
  AS-Path: 100 , path sourced external to AS
    10.222.222.1 (metric 41) from 10.0.0.3 (10.0.0.3)
      Origin IGP, MED not set, localpref 100, weight 0
      Received label 2001000
      Extcommunity: RT:200:2001000 SOO:10.0.0.1:512 ENCAP:8
          MAC Mobility Sequence:01:0

  Path type: internal, path is valid, not best reason: Router Id, no labeled nexthop
  AS-Path: 100 , path sourced external to AS
    10.222.222.1 (metric 41) from 10.0.0.4 (10.0.0.4)
      Origin IGP, MED not set, localpref 100, weight 0
      Received label 2001000
      Extcommunity: RT:200:2001000 SOO:10.0.0.1:512 ENCAP:8
          MAC Mobility Sequence:01:0

  Path-id 1 advertised to peers:
    10.0.0.4           10.0.0.11          10.0.0.12      
BGP routing table entry for [2]:[0]:[0]:[48]:[5002.0000.1b08]:[0]:[0.0.0.0]/216, version 195
Paths: (2 available, best #1)
Flags: (0x000202) (high32 00000000) on xmit-list, is not in l2rib/evpn, is not in HW

  Advertised path-id 1
  Path type: internal, path is valid, is best path, no labeled nexthop
  AS-Path: 100 , path sourced external to AS
    10.222.222.1 (metric 41) from 10.0.0.3 (10.0.0.3)
      Origin IGP, MED not set, localpref 100, weight 0
      Received label 2001000
      Extcommunity: RT:200:2001000 SOO:10.0.0.2:512 ENCAP:8
          MAC Mobility Sequence:01:0

  Path type: internal, path is valid, not best reason: Router Id, no labeled nexthop
  AS-Path: 100 , path sourced external to AS
    10.222.222.1 (metric 41) from 10.0.0.4 (10.0.0.4)
      Origin IGP, MED not set, localpref 100, weight 0
      Received label 2001000
      Extcommunity: RT:200:2001000 SOO:10.0.0.2:512 ENCAP:8
          MAC Mobility Sequence:01:0

  Path-id 1 advertised to peers:
    10.0.0.4           10.0.0.11          10.0.0.12      
BGP routing table entry for [2]:[0]:[0]:[48]:[0050.7966.680e]:[32]:[10.10.1.11]/272, version 199
Paths: (2 available, best #1)
Flags: (0x000202) (high32 00000000) on xmit-list, is not in l2rib/evpn, is not in HW

  Advertised path-id 1
  Path type: internal, path is valid, is best path, no labeled nexthop
  AS-Path: 100 , path sourced external to AS
    10.222.222.1 (metric 41) from 10.0.0.3 (10.0.0.3)
      Origin IGP, MED 2000, localpref 100, weight 0
      Received label 2001000 900101
      Extcommunity: RT:200:900101 RT:200:2001000 ENCAP:8 Router MAC:0200.0ade.de01

  Path type: internal, path is valid, not best reason: Router Id, no labeled nexthop
  AS-Path: 100 , path sourced external to AS
    10.222.222.1 (metric 41) from 10.0.0.4 (10.0.0.4)
      Origin IGP, MED 2000, localpref 100, weight 0
      Received label 2001000 900101
      Extcommunity: RT:200:900101 RT:200:2001000 ENCAP:8 Router MAC:0200.0ade.de01

  Path-id 1 advertised to peers:
    10.0.0.4           10.0.0.11          10.0.0.12      

Route Distinguisher: 200:2001001
BGP routing table entry for [2]:[0]:[0]:[48]:[0050.7966.6813]:[0]:[0.0.0.0]/216, version 218
Paths: (2 available, best #1)
Flags: (0x000202) (high32 00000000) on xmit-list, is not in l2rib/evpn, is not in HW

  Advertised path-id 1
  Path type: internal, path is valid, is best path, no labeled nexthop
  AS-Path: 100 , path sourced external to AS
    10.222.222.1 (metric 41) from 10.0.0.3 (10.0.0.3)
      Origin IGP, MED 2000, localpref 100, weight 0
      Received label 2001001
      Extcommunity: RT:200:2001001 ENCAP:8

  Path type: internal, path is valid, not best reason: Router Id, no labeled nexthop
  AS-Path: 100 , path sourced external to AS
    10.222.222.1 (metric 41) from 10.0.0.4 (10.0.0.4)
      Origin IGP, MED 2000, localpref 100, weight 0
      Received label 2001001
      Extcommunity: RT:200:2001001 ENCAP:8

  Path-id 1 advertised to peers:
    10.0.0.4           10.0.0.11          10.0.0.12      
BGP routing table entry for [2]:[0]:[0]:[48]:[0050.7966.6814]:[0]:[0.0.0.0]/216, version 214
Paths: (2 available, best #1)
Flags: (0x000202) (high32 00000000) on xmit-list, is not in l2rib/evpn, is not in HW

  Advertised path-id 1
  Path type: internal, path is valid, is best path, no labeled nexthop
  AS-Path: 100 , path sourced external to AS
    10.222.222.1 (metric 41) from 10.0.0.3 (10.0.0.3)
      Origin IGP, MED 2000, localpref 100, weight 0
      Received label 2001001
      Extcommunity: RT:200:2001001 ENCAP:8

  Path type: internal, path is valid, not best reason: Router Id, no labeled nexthop
  AS-Path: 100 , path sourced external to AS
    10.222.222.1 (metric 41) from 10.0.0.4 (10.0.0.4)
      Origin IGP, MED 2000, localpref 100, weight 0
      Received label 2001001
      Extcommunity: RT:200:2001001 ENCAP:8

  Path-id 1 advertised to peers:
    10.0.0.4           10.0.0.11          10.0.0.12      
BGP routing table entry for [2]:[0]:[0]:[48]:[5001.0000.1b08]:[0]:[0.0.0.0]/216, version 208
Paths: (2 available, best #1)
Flags: (0x000202) (high32 00000000) on xmit-list, is not in l2rib/evpn, is not in HW

  Advertised path-id 1
  Path type: internal, path is valid, is best path, no labeled nexthop
  AS-Path: 100 , path sourced external to AS
    10.222.222.1 (metric 41) from 10.0.0.3 (10.0.0.3)
      Origin IGP, MED not set, localpref 100, weight 0
      Received label 2001001
      Extcommunity: RT:200:2001001 SOO:10.0.0.1:512 ENCAP:8
          MAC Mobility Sequence:01:0

  Path type: internal, path is valid, not best reason: Router Id, no labeled nexthop
  AS-Path: 100 , path sourced external to AS
    10.222.222.1 (metric 41) from 10.0.0.4 (10.0.0.4)
      Origin IGP, MED not set, localpref 100, weight 0
      Received label 2001001
      Extcommunity: RT:200:2001001 SOO:10.0.0.1:512 ENCAP:8
          MAC Mobility Sequence:01:0

  Path-id 1 advertised to peers:
    10.0.0.4           10.0.0.11          10.0.0.12      
BGP routing table entry for [2]:[0]:[0]:[48]:[5002.0000.1b08]:[0]:[0.0.0.0]/216, version 196
Paths: (2 available, best #1)
Flags: (0x000202) (high32 00000000) on xmit-list, is not in l2rib/evpn, is not in HW

  Advertised path-id 1
  Path type: internal, path is valid, is best path, no labeled nexthop
  AS-Path: 100 , path sourced external to AS
    10.222.222.1 (metric 41) from 10.0.0.3 (10.0.0.3)
      Origin IGP, MED not set, localpref 100, weight 0
      Received label 2001001
      Extcommunity: RT:200:2001001 SOO:10.0.0.2:512 ENCAP:8
          MAC Mobility Sequence:01:0

  Path type: internal, path is valid, not best reason: Router Id, no labeled nexthop
  AS-Path: 100 , path sourced external to AS
    10.222.222.1 (metric 41) from 10.0.0.4 (10.0.0.4)
      Origin IGP, MED not set, localpref 100, weight 0
      Received label 2001001
      Extcommunity: RT:200:2001001 SOO:10.0.0.2:512 ENCAP:8
          MAC Mobility Sequence:01:0

  Path-id 1 advertised to peers:
    10.0.0.4           10.0.0.11          10.0.0.12      
BGP routing table entry for [2]:[0]:[0]:[48]:[0050.7966.6813]:[32]:[10.20.1.10]/272, version 197
Paths: (2 available, best #1)
Flags: (0x000202) (high32 00000000) on xmit-list, is not in l2rib/evpn, is not in HW

  Advertised path-id 1
  Path type: internal, path is valid, is best path, no labeled nexthop
  AS-Path: 100 , path sourced external to AS
    10.222.222.1 (metric 41) from 10.0.0.3 (10.0.0.3)
      Origin IGP, MED 2000, localpref 100, weight 0
      Received label 2001001 900102
      Extcommunity: RT:200:900102 RT:200:2001001 ENCAP:8 Router MAC:0200.0ade.de01

  Path type: internal, path is valid, not best reason: Router Id, no labeled nexthop
  AS-Path: 100 , path sourced external to AS
    10.222.222.1 (metric 41) from 10.0.0.4 (10.0.0.4)
      Origin IGP, MED 2000, localpref 100, weight 0
      Received label 2001001 900102
      Extcommunity: RT:200:900102 RT:200:2001001 ENCAP:8 Router MAC:0200.0ade.de01

  Path-id 1 advertised to peers:
    10.0.0.4           10.0.0.11          10.0.0.12      
BGP routing table entry for [2]:[0]:[0]:[48]:[0050.7966.6814]:[32]:[10.20.1.11]/272, version 198
Paths: (2 available, best #1)
Flags: (0x000202) (high32 00000000) on xmit-list, is not in l2rib/evpn, is not in HW

  Advertised path-id 1
  Path type: internal, path is valid, is best path, no labeled nexthop
  AS-Path: 100 , path sourced external to AS
    10.222.222.1 (metric 41) from 10.0.0.3 (10.0.0.3)
      Origin IGP, MED 2000, localpref 100, weight 0
      Received label 2001001 900102
      Extcommunity: RT:200:900102 RT:200:2001001 ENCAP:8 Router MAC:0200.0ade.de01

  Path type: internal, path is valid, not best reason: Router Id, no labeled nexthop
  AS-Path: 100 , path sourced external to AS
    10.222.222.1 (metric 41) from 10.0.0.4 (10.0.0.4)
      Origin IGP, MED 2000, localpref 100, weight 0
      Received label 2001001 900102
      Extcommunity: RT:200:900102 RT:200:2001001 ENCAP:8 Router MAC:0200.0ade.de01

  Path-id 1 advertised to peers:
    10.0.0.4           10.0.0.11          10.0.0.12      

Route Distinguisher: 10.0.0.3:27001
BGP routing table entry for [4]:[0300.0000.0000.c800.0309]:[32]:[10.0.0.3]/136, version 177
Paths: (1 available, best #1)
Flags: (0x000002) (high32 00000000) on xmit-list, is not in l2rib/evpn, is not in HW

  Advertised path-id 1
  Path type: internal, path is valid, is best path, no labeled nexthop, is extd
  AS-Path: NONE, path sourced internal to AS
    10.0.0.3 (metric 41) from 10.0.0.3 (10.0.0.3)
      Origin IGP, MED not set, localpref 100, weight 0
      Extcommunity: ENCAP:8 RT:0000.0000.00c8

  Path-id 1 advertised to peers:
    10.0.0.4           10.0.0.11          10.0.0.12      

Route Distinguisher: 10.0.0.3:33767
BGP routing table entry for [2]:[0]:[0]:[48]:[5003.0000.1b08]:[0]:[0.0.0.0]/216, version 178
Paths: (1 available, best #1)
Flags: (0x000202) (high32 00000000) on xmit-list, is not in l2rib/evpn, is not in HW

  Advertised path-id 1
  Path type: internal, path is valid, is best path, no labeled nexthop
  AS-Path: NONE, path sourced internal to AS
    10.0.0.3 (metric 41) from 10.0.0.3 (10.0.0.3)
      Origin IGP, MED not set, localpref 100, weight 0
      Received label 2001000
      Extcommunity: RT:200:2001000 SOO:10.0.0.3:512 ENCAP:8
          MAC Mobility Sequence:01:0

  Path-id 1 advertised to peers:
    10.0.0.4           10.0.0.11          10.0.0.12      

Route Distinguisher: 10.0.0.3:33768
BGP routing table entry for [2]:[0]:[0]:[48]:[5003.0000.1b08]:[0]:[0.0.0.0]/216, version 179
Paths: (1 available, best #1)
Flags: (0x000202) (high32 00000000) on xmit-list, is not in l2rib/evpn, is not in HW

  Advertised path-id 1
  Path type: internal, path is valid, is best path, no labeled nexthop
  AS-Path: NONE, path sourced internal to AS
    10.0.0.3 (metric 41) from 10.0.0.3 (10.0.0.3)
      Origin IGP, MED not set, localpref 100, weight 0
      Received label 2001001
      Extcommunity: RT:200:2001001 SOO:10.0.0.3:512 ENCAP:8
          MAC Mobility Sequence:01:0

  Path-id 1 advertised to peers:
    10.0.0.4           10.0.0.11          10.0.0.12      

Route Distinguisher: 10.0.0.4:27001
BGP routing table entry for [4]:[0300.0000.0000.c800.0309]:[32]:[10.0.0.4]/136, version 182
Paths: (1 available, best #1)
Flags: (0x000002) (high32 00000000) on xmit-list, is not in l2rib/evpn, is not in HW

  Advertised path-id 1
  Path type: internal, path is valid, is best path, no labeled nexthop, is extd
  AS-Path: NONE, path sourced internal to AS
    10.0.0.4 (metric 41) from 10.0.0.4 (10.0.0.4)
      Origin IGP, MED not set, localpref 100, weight 0
      Extcommunity: ENCAP:8 RT:0000.0000.00c8

  Path-id 1 advertised to peers:
    10.0.0.3           10.0.0.11          10.0.0.12      

Route Distinguisher: 10.0.0.4:33767
BGP routing table entry for [2]:[0]:[0]:[48]:[5004.0000.1b08]:[0]:[0.0.0.0]/216, version 183
Paths: (1 available, best #1)
Flags: (0x000202) (high32 00000000) on xmit-list, is not in l2rib/evpn, is not in HW

  Advertised path-id 1
  Path type: internal, path is valid, is best path, no labeled nexthop
  AS-Path: NONE, path sourced internal to AS
    10.0.0.4 (metric 41) from 10.0.0.4 (10.0.0.4)
      Origin IGP, MED not set, localpref 100, weight 0
      Received label 2001000
      Extcommunity: RT:200:2001000 SOO:10.0.0.4:512 ENCAP:8
          MAC Mobility Sequence:01:0

  Path-id 1 advertised to peers:
    10.0.0.3           10.0.0.11          10.0.0.12      

Route Distinguisher: 10.0.0.4:33768
BGP routing table entry for [2]:[0]:[0]:[48]:[5004.0000.1b08]:[0]:[0.0.0.0]/216, version 184
Paths: (1 available, best #1)
Flags: (0x000202) (high32 00000000) on xmit-list, is not in l2rib/evpn, is not in HW

  Advertised path-id 1
  Path type: internal, path is valid, is best path, no labeled nexthop
  AS-Path: NONE, path sourced internal to AS
    10.0.0.4 (metric 41) from 10.0.0.4 (10.0.0.4)
      Origin IGP, MED not set, localpref 100, weight 0
      Received label 2001001
      Extcommunity: RT:200:2001001 SOO:10.0.0.4:512 ENCAP:8
          MAC Mobility Sequence:01:0

  Path-id 1 advertised to peers:
    10.0.0.3           10.0.0.11          10.0.0.12      

Route Distinguisher: 10.0.0.11:5
BGP routing table entry for [5]:[0]:[0]:[24]:[10.10.1.0]/224, version 21
Paths: (1 available, best #1)
Flags: (0x000002) (high32 00000000) on xmit-list, is not in l2rib/evpn, is not in HW

  Advertised path-id 1
  Path type: internal, path is valid, is best path, no labeled nexthop
  Gateway IP: 0.0.0.0
  AS-Path: NONE, path sourced internal to AS
    10.0.1.11 (metric 41) from 10.0.0.11 (10.0.0.11)
      Origin IGP, MED not set, localpref 100, weight 0
      Received label 900101
      Extcommunity: RT:200:900101 ENCAP:8 Router MAC:500b.0000.1b08

  Path-id 1 advertised to peers:
    10.0.0.3           10.0.0.4           10.0.0.12      

Route Distinguisher: 10.0.0.11:6
BGP routing table entry for [5]:[0]:[0]:[24]:[10.20.1.0]/224, version 22
Paths: (1 available, best #1)
Flags: (0x000002) (high32 00000000) on xmit-list, is not in l2rib/evpn, is not in HW

  Advertised path-id 1
  Path type: internal, path is valid, is best path, no labeled nexthop
  Gateway IP: 0.0.0.0
  AS-Path: NONE, path sourced internal to AS
    10.0.1.11 (metric 41) from 10.0.0.11 (10.0.0.11)
      Origin IGP, MED not set, localpref 100, weight 0
      Received label 900102
      Extcommunity: RT:200:900102 ENCAP:8 Router MAC:500b.0000.1b08

  Path-id 1 advertised to peers:
    10.0.0.3           10.0.0.4           10.0.0.12      

Route Distinguisher: 10.0.0.11:33767
BGP routing table entry for [2]:[0]:[0]:[48]:[0050.7966.680f]:[0]:[0.0.0.0]/216, version 221
Paths: (1 available, best #1)
Flags: (0x000202) (high32 00000000) on xmit-list, is not in l2rib/evpn, is not in HW

  Advertised path-id 1
  Path type: internal, path is valid, is best path, no labeled nexthop
  AS-Path: NONE, path sourced internal to AS
    10.0.1.11 (metric 41) from 10.0.0.11 (10.0.0.11)
      Origin IGP, MED not set, localpref 100, weight 0
      Received label 2001000
      Extcommunity: RT:200:2001000 ENCAP:8

  Path-id 1 advertised to peers:
    10.0.0.3           10.0.0.4           10.0.0.12      
BGP routing table entry for [2]:[0]:[0]:[48]:[0050.7966.680f]:[32]:[10.10.1.12]/272, version 28
Paths: (1 available, best #1)
Flags: (0x000202) (high32 00000000) on xmit-list, is not in l2rib/evpn, is not in HW

  Advertised path-id 1
  Path type: internal, path is valid, is best path, no labeled nexthop
  AS-Path: NONE, path sourced internal to AS
    10.0.1.11 (metric 41) from 10.0.0.11 (10.0.0.11)
      Origin IGP, MED not set, localpref 100, weight 0
      Received label 2001000 900101
      Extcommunity: RT:200:900101 RT:200:2001000 ENCAP:8 Router MAC:500b.0000.1b08

  Path-id 1 advertised to peers:
    10.0.0.3           10.0.0.4           10.0.0.12      

Route Distinguisher: 10.0.0.11:33768
BGP routing table entry for [2]:[0]:[0]:[48]:[0050.7966.6815]:[0]:[0.0.0.0]/216, version 222
Paths: (1 available, best #1)
Flags: (0x000202) (high32 00000000) on xmit-list, is not in l2rib/evpn, is not in HW

  Advertised path-id 1
  Path type: internal, path is valid, is best path, no labeled nexthop
  AS-Path: NONE, path sourced internal to AS
    10.0.1.11 (metric 41) from 10.0.0.11 (10.0.0.11)
      Origin IGP, MED not set, localpref 100, weight 0
      Received label 2001001
      Extcommunity: RT:200:2001001 ENCAP:8

  Path-id 1 advertised to peers:
    10.0.0.3           10.0.0.4           10.0.0.12      
BGP routing table entry for [2]:[0]:[0]:[48]:[0050.7966.6815]:[32]:[10.20.1.12]/272, version 31
Paths: (1 available, best #1)
Flags: (0x000202) (high32 00000000) on xmit-list, is not in l2rib/evpn, is not in HW

  Advertised path-id 1
  Path type: internal, path is valid, is best path, no labeled nexthop
  AS-Path: NONE, path sourced internal to AS
    10.0.1.11 (metric 41) from 10.0.0.11 (10.0.0.11)
      Origin IGP, MED not set, localpref 100, weight 0
      Received label 2001001 900102
      Extcommunity: RT:200:900102 RT:200:2001001 ENCAP:8 Router MAC:500b.0000.1b08

  Path-id 1 advertised to peers:
    10.0.0.3           10.0.0.4           10.0.0.12      

Route Distinguisher: 10.0.0.12:33767
BGP routing table entry for [2]:[0]:[0]:[48]:[0050.7966.6810]:[0]:[0.0.0.0]/216, version 226
Paths: (1 available, best #1)
Flags: (0x000202) (high32 00000000) on xmit-list, is not in l2rib/evpn, is not in HW

  Advertised path-id 1
  Path type: internal, path is valid, is best path, no labeled nexthop
  AS-Path: NONE, path sourced internal to AS
    10.0.1.12 (metric 41) from 10.0.0.12 (10.0.0.12)
      Origin IGP, MED not set, localpref 100, weight 0
      Received label 2001000
      Extcommunity: RT:200:2001000 ENCAP:8

  Path-id 1 advertised to peers:
    10.0.0.3           10.0.0.4           10.0.0.11      
BGP routing table entry for [2]:[0]:[0]:[48]:[0050.7966.6810]:[32]:[10.10.1.13]/272, version 32
Paths: (1 available, best #1)
Flags: (0x000202) (high32 00000000) on xmit-list, is not in l2rib/evpn, is not in HW

  Advertised path-id 1
  Path type: internal, path is valid, is best path, no labeled nexthop
  AS-Path: NONE, path sourced internal to AS
    10.0.1.12 (metric 41) from 10.0.0.12 (10.0.0.12)
      Origin IGP, MED not set, localpref 100, weight 0
      Received label 2001000 900101
      Extcommunity: RT:200:900101 RT:200:2001000 ENCAP:8 Router MAC:500c.0000.1b08

  Path-id 1 advertised to peers:
    10.0.0.3           10.0.0.4           10.0.0.11      

Route Distinguisher: 10.0.0.12:33768
BGP routing table entry for [2]:[0]:[0]:[48]:[0050.7966.6816]:[0]:[0.0.0.0]/216, version 225
Paths: (1 available, best #1)
Flags: (0x000202) (high32 00000000) on xmit-list, is not in l2rib/evpn, is not in HW

  Advertised path-id 1
  Path type: internal, path is valid, is best path, no labeled nexthop
  AS-Path: NONE, path sourced internal to AS
    10.0.1.12 (metric 41) from 10.0.0.12 (10.0.0.12)
      Origin IGP, MED not set, localpref 100, weight 0
      Received label 2001001
      Extcommunity: RT:200:2001001 ENCAP:8

  Path-id 1 advertised to peers:
    10.0.0.3           10.0.0.4           10.0.0.11      
BGP routing table entry for [2]:[0]:[0]:[48]:[0050.7966.6816]:[32]:[10.20.1.13]/272, version 35
Paths: (1 available, best #1)
Flags: (0x000202) (high32 00000000) on xmit-list, is not in l2rib/evpn, is not in HW

  Advertised path-id 1
  Path type: internal, path is valid, is best path, no labeled nexthop
  AS-Path: NONE, path sourced internal to AS
    10.0.1.12 (metric 41) from 10.0.0.12 (10.0.0.12)
      Origin IGP, MED not set, localpref 100, weight 0
      Received label 2001001 900102
      Extcommunity: RT:200:900102 RT:200:2001001 ENCAP:8 Router MAC:500c.0000.1b08

  Path-id 1 advertised to peers:
    10.0.0.3           10.0.0.4           10.0.0.11      


DC2-SPINE1# show bgp evi


DC2-SPINE1# show nve peers


DC2-SPINE1# show l2route topology detail

Flags:(L2cp)=L2 Ctrl Plane; (Dp)=Data Plane; (Imet)=Data Plane BGP IMET; (L3cp)=L3 Ctrl Plane; (Bfd)=BFD over Vxlan; (Bgp)=BGP EVPN; (Of)=Open Flow mode; (Mix)=Open Flow IR mixed mode; (Acst)=Anycast GW on spine;
Topology ID   Topology Name   Attributes
-----------   -------------   ----------
4294967291    BARRIER         N/A       
4294967294    GLOBAL          N/A       
4294967295    ALL             N/A       

DC2-SPINE1# show nve interface nve 1 detail


DC2-SPINE1# show nve vni


DC2-SPINE1# show l2route evpn ethernet-segment all

ESI                      Orig Rtr. IP Addr  Prod  Ifindex      NFN Bitmap
------------------------ -----------------  ----- ----------- ----------

DC2-SPINE1# show vxlan

Vlan            VN-Segment
====            ==========

DC2-SPINE1# show l2route mac-ip all detail

Flags -(Rmac):Router MAC (Stt):Static (L):Local (R):Remote 
(Dup):Duplicate (Spl):Split (Rcv):Recv(D):Del Pending (S):Stale (C):Clear
(Ps):Peer Sync (Ro):Re-Originated (Orp):Orphan (Asy):Asymmetric (Gw):Gateway
(Bh):Blackhole
(Piporp): Directly connected Orphan to PIP based vPC BGW 
(Pipporp): Orphan connected to peer of PIP based vPC BGW 
Topology    Mac Address    Host IP                                 Prod   Flags              Seq No     Next-Hops                              
----------- -------------- --------------------------------------- ------ ----------------- ---------- ---------------------------------------------------------

DC2-SPINE1# show l2route mac all detail


Flags -(Rmac):Router MAC (Stt):Static (L):Local (R):Remote 
(Dup):Duplicate (Spl):Split (Rcv):Recv (AD):Auto-Delete (D):Del Pending
(S):Stale (C):Clear, (Ps):Peer Sync (O):Re-Originated (Nho):NH-Override
(Asy):Asymmetric (Gw):Gateway
(Bh):Blackhole
(Pf):Permanently-Frozen, (Orp): Orphan

(PipOrp): Directly connected Orphan to PIP based vPC BGW 
(PipPeerOrp): Orphan connected to peer of PIP based vPC BGW 
Topology    Mac Address    Prod   Flags              Seq No     Next-Hops                              
----------- -------------- ------ ------------------- ---------- ---------------------------------------------------------

DC2-SPINE1# show ip arp suppression-cache detail


Flags: + - Adjacencies synced via CFSoE
       L - Local Adjacency
       R - Remote Adjacency
       L2 - Learnt over L2 interface
       PS - Added via L2RIB, Peer Sync
       RO - Dervied from L2RIB Peer Sync Entry

Ip Address      Age      Mac Address    Vlan Physical-ifindex    Flags    Remote Vtep Addrs


DC2-SPINE1# show ip route vrf all

IP Route Table for VRF "default"
'*' denotes best ucast next-hop
'**' denotes best mcast next-hop
'[x/y]' denotes [preference/metric]
'%<string>' in via output denotes VRF <string>

10.0.0.1/32, ubest/mbest: 1/0
    *via 10.100.100.1, [200/0], 01:31:57, bgp-200, internal, tag 100
10.0.0.2/32, ubest/mbest: 1/0
    *via 10.100.100.1, [200/0], 01:31:57, bgp-200, internal, tag 100
10.0.0.3/32, ubest/mbest: 1/0
    *via 10.2.2.1, Eth1/3, [110/41], 01:39:04, ospf-UNDERLAY, intra
10.0.0.4/32, ubest/mbest: 1/0
    *via 10.2.2.9, Eth1/4, [110/41], 01:34:12, ospf-UNDERLAY, intra
10.0.0.7/32, ubest/mbest: 2/0, attached
    *via 10.0.0.7, Lo0, [0/0], 02:52:17, local
    *via 10.0.0.7, Lo0, [0/0], 02:52:17, direct
10.0.0.8/32, ubest/mbest: 4/0
    *via 10.0.0.11, Eth1/1, [110/81], 02:47:14, ospf-UNDERLAY, intra
    *via 10.0.0.12, Eth1/2, [110/81], 02:47:08, ospf-UNDERLAY, intra
    *via 10.2.2.1, Eth1/3, [110/81], 01:39:04, ospf-UNDERLAY, intra
    *via 10.2.2.9, Eth1/4, [110/81], 01:34:12, ospf-UNDERLAY, intra
10.0.0.11/32, ubest/mbest: 1/0
    *via 10.0.0.11, Eth1/1, [110/41], 02:48:44, ospf-UNDERLAY, intra
10.0.0.12/32, ubest/mbest: 1/0
    *via 10.0.0.12, Eth1/2, [110/41], 02:47:14, ospf-UNDERLAY, intra
10.0.0.99/32, ubest/mbest: 2/0, attached
    *via 10.0.0.99, Lo1, [0/0], 02:52:17, local
    *via 10.0.0.99, Lo1, [0/0], 02:52:17, direct
10.0.1.11/32, ubest/mbest: 1/0
    *via 10.0.0.11, Eth1/1, [110/41], 02:48:44, ospf-UNDERLAY, intra
10.0.1.12/32, ubest/mbest: 1/0
    *via 10.0.0.12, Eth1/2, [110/41], 02:47:14, ospf-UNDERLAY, intra
10.1.1.0/30, ubest/mbest: 1/0
    *via 10.100.100.1, [200/0], 01:31:57, bgp-200, internal, tag 100
10.1.1.4/30, ubest/mbest: 1/0
    *via 10.100.100.1, [200/0], 01:31:57, bgp-200, internal, tag 100
10.1.1.8/30, ubest/mbest: 1/0
    *via 10.100.100.1, [200/0], 01:31:57, bgp-200, internal, tag 100
10.1.1.12/30, ubest/mbest: 1/0
    *via 10.100.100.1, [200/0], 01:31:57, bgp-200, internal, tag 100
10.2.2.0/30, ubest/mbest: 1/0, attached
    *via 10.2.2.2, Eth1/3, [0/0], 02:48:52, direct
10.2.2.2/32, ubest/mbest: 1/0, attached
    *via 10.2.2.2, Eth1/3, [0/0], 02:48:52, local
10.2.2.4/30, ubest/mbest: 1/0
    *via 10.2.2.1, Eth1/3, [110/80], 01:39:04, ospf-UNDERLAY, intra
10.2.2.8/30, ubest/mbest: 1/0, attached
    *via 10.2.2.10, Eth1/4, [0/0], 02:48:52, direct
10.2.2.10/32, ubest/mbest: 1/0, attached
    *via 10.2.2.10, Eth1/4, [0/0], 02:48:52, local
10.2.2.12/30, ubest/mbest: 1/0
    *via 10.2.2.9, Eth1/4, [110/80], 01:34:12, ospf-UNDERLAY, intra
10.99.99.0/30, ubest/mbest: 1/0
    *via 10.100.100.1, [200/0], 01:31:57, bgp-200, internal, tag 100
10.99.99.4/30, ubest/mbest: 2/0
    *via 10.2.2.1, Eth1/3, [110/80], 01:39:04, ospf-UNDERLAY, intra
    *via 10.2.2.9, Eth1/4, [110/80], 01:34:12, ospf-UNDERLAY, intra
10.100.100.0/30, ubest/mbest: 1/0
    *via 10.0.0.3, [200/0], 01:37:14, bgp-200, internal, tag 200
10.100.100.4/30, ubest/mbest: 1/0
    *via 10.0.0.4, [200/0], 01:32:23, bgp-200, internal, tag 200
10.111.111.1/32, ubest/mbest: 1/0
    *via 10.100.100.1, [200/0], 01:31:57, bgp-200, internal, tag 100
10.222.222.1/32, ubest/mbest: 2/0
    *via 10.2.2.1, Eth1/3, [110/41], 01:37:35, ospf-UNDERLAY, intra
    *via 10.2.2.9, Eth1/4, [110/41], 01:32:44, ospf-UNDERLAY, intra

IP Route Table for VRF "egress-loadbalance-resolution-"
'*' denotes best ucast next-hop
'**' denotes best mcast next-hop
'[x/y]' denotes [preference/metric]
'%<string>' in via output denotes VRF <string>



DC2-SPINE1# show ip arp vrf all


Flags: * - Adjacencies learnt on non-active FHRP router
       + - Adjacencies synced via CFSoE
       # - Adjacencies Throttled for Glean
       CP - Added via L2RIB, Control plane Adjacencies
       PS - Added via L2RIB, Peer Sync
       RO - Re-Originated Peer Sync Entry
       D - Static Adjacencies attached to down interface

IP ARP Table for all contexts
Total number of entries: 4
Address         Age       MAC Address     Interface       Flags
10.0.0.11       00:18:26  500b.0000.1b08  Ethernet1/1              
10.0.0.12       00:16:20  500c.0000.1b08  Ethernet1/2              
10.2.2.1        00:05:32  5003.0000.1b08  Ethernet1/3              
10.2.2.9        00:00:39  5004.0000.1b08  Ethernet1/4              

DC2-SPINE1# show mac address-table

Legend: 
        * - primary entry, G - Gateway MAC, (R) - Routed MAC, O - Overlay MAC
        age - seconds since last seen,+ - primary entry using vPC Peer-Link,
        (T) - True, (F) - False, C - ControlPlane MAC, ~ - vsan,
        (NA)- Not Applicable
   VLAN     MAC Address      Type      age     Secure NTFY Ports
---------+-----------------+--------+---------+------+----+------------------
G    -     5007.0000.1b08   static   -         F      F    sup-eth1(R)

DC2-SPINE1#